<?xml version="1.0" encoding="utf-8"?><testsuites><testsuite name="pytest" errors="0" failures="0" skipped="0" tests="0" time="1.819" timestamp="2025-03-17T15:27:12.301066+07:00" hostname="Lenovo-Y520-15IKBN" /></testsuites>